// Jest Snapshot v1, https://goo.gl/fbAQLP

exports[`Add conpoonent tests Should render correctly 1`] = `
<div>
  <div
    class="card add-card"
  >
    <input
      class="input"
      placeholder="Create a new todo..."
      type="text"
    />
    <button
      class="button"
    >
      <svg
        aria-hidden="true"
        class="svg-inline--fa fa-circle-plus fa-2xl icon"
        data-icon="circle-plus"
        data-prefix="fas"
        focusable="false"
        role="img"
        viewBox="0 0 512 512"
        xmlns="http://www.w3.org/2000/svg"
      >
        <path
          d="M256 512A256 256 0 1 0 256 0a256 256 0 1 0 0 512zM232 344V280H168c-13.3 0-24-10.7-24-24s10.7-24 24-24h64V168c0-13.3 10.7-24 24-24s24 10.7 24 24v64h64c13.3 0 24 10.7 24 24s-10.7 24-24 24H280v64c0 13.3-10.7 24-24 24s-24-10.7-24-24z"
          fill="currentColor"
        />
      </svg>
    </button>
  </div>
</div>
`;
