// Jest Snapshot v1, https://goo.gl/fbAQLP

exports[`TextInput component tests Should render correctly 1`] = `
<div>
  <input
    type="text"
  />
</div>
`;
