// Jest Snapshot v1, https://goo.gl/fbAQLP

exports[`Button Should render correctly 1`] = `
<div>
  <button>
    Hello world
  </button>
</div>
`;
